2026-04-28 06:47:59 INFO dandi_scraper: logging configured (level=INFO, file=dandi_scraper_run.log)
2026-04-28 06:48:39 INFO dandi_scraper: found 65 dandisets to analyze
2026-04-28 06:48:39 INFO dandi_scraper: downloading dandiset 000005
2026-04-28 06:48:39 INFO dandi_scraper: skipping dandiset 000005 (on skip list)
2026-04-28 06:48:39 INFO dandi_scraper: downloading dandiset 000117
2026-04-28 06:48:39 INFO dandi_scraper: skipping dandiset 000117 (on skip list)
2026-04-28 06:48:39 INFO dandi_scraper: downloading dandiset 000168
2026-04-28 06:48:39 INFO dandi_scraper: skipping dandiset 000168 (on skip list)
2026-04-28 06:48:39 INFO dandi_scraper: downloading dandiset 000292
2026-04-28 06:48:39 INFO dandi_scraper: skipping dandiset 000292 (on skip list)
2026-04-28 06:48:39 INFO dandi_scraper: downloading dandiset 000293
2026-04-28 06:48:39 INFO dandi_scraper: skipping dandiset 000293 (on skip list)
2026-04-28 06:48:39 INFO dandi_scraper: downloading dandiset 000341
2026-04-28 06:48:39 INFO dandi_scraper: skipping dandiset 000341 (on skip list)
2026-04-28 06:48:39 INFO dandi_scraper: downloading dandiset 000362
2026-04-28 06:48:39 INFO dandi_scraper: skipping dandiset 000362 (on skip list)
2026-04-28 06:48:39 INFO dandi_scraper: downloading dandiset 000717
2026-04-28 06:48:39 INFO dandi_scraper: skipping dandiset 000717 (on skip list)
2026-04-28 06:48:39 INFO dandi_scraper: downloading dandiset 001789
2026-04-28 07:02:44 ERROR pyAPisolation.database.build_database: specimen=/media/smestern/Expansion/dandi//001789/sub-rat-31Oct17/sub-rat-31Oct17_ses-D_icephys.nwb stage=ipfx_extractors class=no_spikes_detected: bessel coeff (2.000000) is outside of valid range [0,1); cannot filter sampling frequency 10.0 kHz with cutoff frequency 10.0 kHz.
Traceback (most recent call last):
  File "/home/smestern/repos/pyAPisolation/pyAPisolation/database/build_database.py", line 491, in data_for_specimen_id
    lsq_features = lsq_an.analyze(sweeps)
                   ^^^^^^^^^^^^^^^^^^^^^^
  File "/home/smestern/miniconda3/envs/intraspca_dandi_explorer/lib/python3.11/site-packages/ipfx/stimulus_protocol_analysis.py", line 131, in analyze
    features = super(LongSquareAnalysis, self).analyze(sweep_set, extra_sweep_features=extra_sweep_feature_names)
               ^^^^^^^^^^^^^^^^^^^^^^^^^^^^^^^^^^^^^^^^^^^^^^^^^^^^^^^^^^^^^^^^^^^^^^^^^^^^^^^^^^^^^^^^^^^^^^^^^^
  File "/home/smestern/miniconda3/envs/intraspca_dandi_explorer/lib/python3.11/site-packages/ipfx/stimulus_protocol_analysis.py", line 84, in analyze
    self.analyze_basic_features(sweep_set, extra_sweep_features=extra_sweep_features, exclude_clipped=exclude_clipped)
  File "/home/smestern/miniconda3/envs/intraspca_dandi_explorer/lib/python3.11/site-packages/ipfx/stimulus_protocol_analysis.py", line 74, in analyze_basic_features
    self._spikes_set.append(self.spx.process(sweep.t, sweep.v, sweep.i))
                            ^^^^^^^^^^^^^^^^^^^^^^^^^^^^^^^^^^^^^^^^^^^
  File "/home/smestern/miniconda3/envs/intraspca_dandi_explorer/lib/python3.11/site-packages/ipfx/feature_extractor.py", line 88, in process
    dvdt = tsu.calculate_dvdt(v, t, self.filter)
           ^^^^^^^^^^^^^^^^^^^^^^^^^^^^^^^^^^^^^
  File "/home/smestern/miniconda3/envs/intraspca_dandi_explorer/lib/python3.11/site-packages/ipfx/time_series_utils.py", line 45, in calculate_dvdt
    raise ValueError("bessel coeff ({:f}) is outside of valid range [0,1); cannot filter sampling frequency {:.1f} kHz with cutoff frequency {:.1f} kHz.".format(filt_coeff, sample_freq / 1e3, filter))
ValueError: bessel coeff (2.000000) is outside of valid range [0,1); cannot filter sampling frequency 10.0 kHz with cutoff frequency 10.0 kHz.
2026-04-28 07:04:51 INFO dandi_scraper: logging configured (level=INFO, file=dandi_scraper_run.log)
2026-04-28 07:05:27 INFO dandi_scraper: found 65 dandisets to analyze
